// Vitest Snapshot v1, https://vitest.dev/guide/snapshot.html

exports[`Benchmark.Suite > check console output(instrumented=%p)  false 1`] = `
{
  "log": [],
  "warn": [
    [
      "[CodSpeed] 2 benches detected but no instrumentation found, falling back to tinybench",
    ],
  ],
}
`;

exports[`Benchmark.Suite > check console output(instrumented=%p)  true 1`] = `
{
  "log": [
    [
      "    ✔ Measured packages/tinybench-plugin/tests/index.integ.test.ts::RegExp",
    ],
    [
      "    ✔ Measured packages/tinybench-plugin/tests/index.integ.test.ts::RegExp2",
    ],
    [
      "[CodSpeed] Done running 2 benches.",
    ],
  ],
  "warn": [],
}
`;
